MPLINK 5.09, LINKER
Linker Map File - Created Mon Nov 18 23:39:02 2019

                                 Section Info
                  Section       Type    Address   Location Size(Bytes)
                ---------  ---------  ---------  ---------  ---------
                   .org_0       code   0x000000    program   0x000002
                   .cinit    romdata   0x000001    program   0x000004
                   .org_1       code   0x000005    program   0x00006e
.config_2007_BUILD/DEFAULT/DEBUG/RUNSEWE_SEQU       code   0x002007    program   0x000002



                              Program Memory Usage 
                               Start         End      
                           ---------   ---------      
                            0x000000    0x000002      
                            0x000005    0x00003b      
                            0x002007    0x002007      
            59 out of 8454 program addresses used, program memory utilization is 0%



                              Symbols - Sorted by Name
                     Name    Address   Location    Storage File                     
                ---------  ---------  ---------  --------- ---------                
               Delay100us   0x000037    program     static /Users/orerunzy99/MPLABXProjects/runsewe_homework3.X/runsewe_sequentialleds.asm
                  Delay1s   0x00002b    program     static /Users/orerunzy99/MPLABXProjects/runsewe_homework3.X/runsewe_sequentialleds.asm
                Delay25ms   0x000031    program     static /Users/orerunzy99/MPLABXProjects/runsewe_homework3.X/runsewe_sequentialleds.asm
                     LOOP   0x00000a    program     static /Users/orerunzy99/MPLABXProjects/runsewe_homework3.X/runsewe_sequentialleds.asm
                   R100us   0x000039    program     static /Users/orerunzy99/MPLABXProjects/runsewe_homework3.X/runsewe_sequentialleds.asm
                      R1s   0x00002d    program     static /Users/orerunzy99/MPLABXProjects/runsewe_homework3.X/runsewe_sequentialleds.asm
                    R25ms   0x000033    program     static /Users/orerunzy99/MPLABXProjects/runsewe_homework3.X/runsewe_sequentialleds.asm
                    START   0x000005    program     static /Users/orerunzy99/MPLABXProjects/runsewe_homework3.X/runsewe_sequentialleds.asm



                              Symbols - Sorted by Address
                     Name    Address   Location    Storage File                     
                ---------  ---------  ---------  --------- ---------                
                    START   0x000005    program     static /Users/orerunzy99/MPLABXProjects/runsewe_homework3.X/runsewe_sequentialleds.asm
                     LOOP   0x00000a    program     static /Users/orerunzy99/MPLABXProjects/runsewe_homework3.X/runsewe_sequentialleds.asm
                  Delay1s   0x00002b    program     static /Users/orerunzy99/MPLABXProjects/runsewe_homework3.X/runsewe_sequentialleds.asm
                      R1s   0x00002d    program     static /Users/orerunzy99/MPLABXProjects/runsewe_homework3.X/runsewe_sequentialleds.asm
                Delay25ms   0x000031    program     static /Users/orerunzy99/MPLABXProjects/runsewe_homework3.X/runsewe_sequentialleds.asm
                    R25ms   0x000033    program     static /Users/orerunzy99/MPLABXProjects/runsewe_homework3.X/runsewe_sequentialleds.asm
               Delay100us   0x000037    program     static /Users/orerunzy99/MPLABXProjects/runsewe_homework3.X/runsewe_sequentialleds.asm
                   R100us   0x000039    program     static /Users/orerunzy99/MPLABXProjects/runsewe_homework3.X/runsewe_sequentialleds.asm


