MPLINK 5.09, LINKER
Linker Map File - Created Sat Dec  7 20:44:19 2019

                                 Section Info
                  Section       Type    Address   Location Size(Bytes)
                ---------  ---------  ---------  ---------  ---------
                   .org_0       code   0x000000    program   0x00007c
                   .cinit    romdata   0x00003e    program   0x000004
.config_2007_BUILD/DEFAULT/PRODUCTION/RUNSEWE       code   0x002007    program   0x000002



                              Program Memory Usage 
                               Start         End      
                           ---------   ---------      
                            0x000000    0x00003f      
                            0x002007    0x002007      
            65 out of 8454 program addresses used, program memory utilization is 0%



                              Symbols - Sorted by Name
                     Name    Address   Location    Storage File                     
                ---------  ---------  ---------  --------- ---------                
               Delay100us   0x000039    program     static /Users/orerunzy99/MPLABXProjects/runsewe_homework3.X/runsewe_sequentialleds.asm
                  Delay1s   0x00002d    program     static /Users/orerunzy99/MPLABXProjects/runsewe_homework3.X/runsewe_sequentialleds.asm
                Delay25ms   0x000033    program     static /Users/orerunzy99/MPLABXProjects/runsewe_homework3.X/runsewe_sequentialleds.asm
                     LOOP   0x00000c    program     static /Users/orerunzy99/MPLABXProjects/runsewe_homework3.X/runsewe_sequentialleds.asm
                   R100us   0x00003b    program     static /Users/orerunzy99/MPLABXProjects/runsewe_homework3.X/runsewe_sequentialleds.asm
                      R1s   0x00002f    program     static /Users/orerunzy99/MPLABXProjects/runsewe_homework3.X/runsewe_sequentialleds.asm
                    R25ms   0x000035    program     static /Users/orerunzy99/MPLABXProjects/runsewe_homework3.X/runsewe_sequentialleds.asm
                    START   0x000005    program     static /Users/orerunzy99/MPLABXProjects/runsewe_homework3.X/runsewe_sequentialleds.asm



                              Symbols - Sorted by Address
                     Name    Address   Location    Storage File                     
                ---------  ---------  ---------  --------- ---------                
                    START   0x000005    program     static /Users/orerunzy99/MPLABXProjects/runsewe_homework3.X/runsewe_sequentialleds.asm
                     LOOP   0x00000c    program     static /Users/orerunzy99/MPLABXProjects/runsewe_homework3.X/runsewe_sequentialleds.asm
                  Delay1s   0x00002d    program     static /Users/orerunzy99/MPLABXProjects/runsewe_homework3.X/runsewe_sequentialleds.asm
                      R1s   0x00002f    program     static /Users/orerunzy99/MPLABXProjects/runsewe_homework3.X/runsewe_sequentialleds.asm
                Delay25ms   0x000033    program     static /Users/orerunzy99/MPLABXProjects/runsewe_homework3.X/runsewe_sequentialleds.asm
                    R25ms   0x000035    program     static /Users/orerunzy99/MPLABXProjects/runsewe_homework3.X/runsewe_sequentialleds.asm
               Delay100us   0x000039    program     static /Users/orerunzy99/MPLABXProjects/runsewe_homework3.X/runsewe_sequentialleds.asm
                   R100us   0x00003b    program     static /Users/orerunzy99/MPLABXProjects/runsewe_homework3.X/runsewe_sequentialleds.asm


